// Jest Snapshot v1, https://jestjs.io/docs/snapshot-testing

exports[`custom delimiters process correctly a template with custom tag and container delimiters 1`] = `<w:document xmlns:wpc="http://schemas.microsoft.com/office/word/2010/wordprocessingCanvas" xmlns:cx="http://schemas.microsoft.com/office/drawing/2014/chartex" xmlns:cx1="http://schemas.microsoft.com/office/drawing/2015/9/8/chartex" xmlns:cx2="http://schemas.microsoft.com/office/drawing/2015/10/21/chartex" xmlns:cx3="http://schemas.microsoft.com/office/drawing/2016/5/9/chartex" xmlns:cx4="http://schemas.microsoft.com/office/drawing/2016/5/10/chartex" xmlns:cx5="http://schemas.microsoft.com/office/drawing/2016/5/11/chartex" xmlns:cx6="http://schemas.microsoft.com/office/drawing/2016/5/12/chartex" xmlns:cx7="http://schemas.microsoft.com/office/drawing/2016/5/13/chartex" xmlns:cx8="http://schemas.microsoft.com/office/drawing/2016/5/14/chartex" xmlns:mc="http://schemas.openxmlformats.org/markup-compatibility/2006" xmlns:aink="http://schemas.microsoft.com/office/drawing/2016/ink" xmlns:am3d="http://schemas.microsoft.com/office/drawing/2017/model3d" xmlns:o="urn:schemas-microsoft-com:office:office" xmlns:r="http://schemas.openxmlformats.org/officeDocument/2006/relationships" xmlns:m="http://schemas.openxmlformats.org/officeDocument/2006/math" xmlns:v="urn:schemas-microsoft-com:vml" xmlns:wp14="http://schemas.microsoft.com/office/word/2010/wordprocessingDrawing" xmlns:wp="http://schemas.openxmlformats.org/drawingml/2006/wordprocessingDrawing" xmlns:w10="urn:schemas-microsoft-com:office:word" xmlns:w="http://schemas.openxmlformats.org/wordprocessingml/2006/main" xmlns:w14="http://schemas.microsoft.com/office/word/2010/wordml" xmlns:w15="http://schemas.microsoft.com/office/word/2012/wordml" xmlns:w16cid="http://schemas.microsoft.com/office/word/2016/wordml/cid" xmlns:w16se="http://schemas.microsoft.com/office/word/2015/wordml/symex" xmlns:wpg="http://schemas.microsoft.com/office/word/2010/wordprocessingGroup" xmlns:wpi="http://schemas.microsoft.com/office/word/2010/wordprocessingInk" xmlns:wne="http://schemas.microsoft.com/office/word/2006/wordml" xmlns:wps="http://schemas.microsoft.com/office/word/2010/wordprocessingShape" mc:Ignorable="w14 w15 w16se w16cid wp14"><w:body><w:p w14:paraId="3CFA07C2" w14:textId="6B685487" w:rsidR="006329A4" w:rsidRPr="00AD41F9" w:rsidRDefault="00E84382"><w:pPr><w:rPr><w:b/><w:bCs/><w:sz w:val="28"/><w:szCs w:val="28"/><w:lang w:val="en-US"/></w:rPr></w:pPr><w:r w:rsidR="00A37668" w:rsidRPr="00A37668"><w:rPr><w:sz w:val="16"/><w:szCs w:val="16"/><w:lang w:val="en-US"/></w:rPr></w:r><w:r><w:rPr><w:sz w:val="16"/><w:szCs w:val="16"/><w:lang w:val="en-US"/></w:rPr><w:t xml:space="preserve"/></w:r><w:r w:rsidR="00A37668" w:rsidRPr="00A37668"><w:rPr><w:sz w:val="16"/><w:szCs w:val="16"/><w:lang w:val="en-US"/></w:rPr></w:r><w:r w:rsidR="00A37668" w:rsidRPr="00AD41F9"><w:rPr><w:b/><w:bCs/><w:sz w:val="28"/><w:szCs w:val="28"/><w:lang w:val="en-US"/></w:rPr><w:t xml:space="preserve">Student name: </w:t></w:r><w:r><w:rPr><w:b/><w:bCs/><w:sz w:val="28"/><w:szCs w:val="28"/><w:lang w:val="en-US"/></w:rPr><w:t xml:space="preserve">Alon Bar</w:t><w:t xml:space="preserve"/><w:t xml:space="preserve"/></w:r><w:r w:rsidR="00A37668" w:rsidRPr="00AD41F9"><w:rPr><w:b/><w:bCs/><w:sz w:val="28"/><w:szCs w:val="28"/><w:lang w:val="en-US"/></w:rPr></w:r><w:r><w:rPr><w:b/><w:bCs/><w:sz w:val="28"/><w:szCs w:val="28"/><w:lang w:val="en-US"/></w:rPr></w:r></w:p><w:p w14:paraId="7A26D884" w14:textId="3F4D36B7" w:rsidR="00A37668" w:rsidRDefault="00A37668"><w:pPr><w:rPr><w:b/><w:bCs/><w:sz w:val="24"/><w:szCs w:val="24"/><w:lang w:val="en-US"/></w:rPr></w:pPr></w:p><w:p w14:paraId="1038E094" w14:textId="1CD5F354" w:rsidR="00A37668" w:rsidRPr="00AD41F9" w:rsidRDefault="00E84382"><w:pPr><w:rPr><w:b/><w:bCs/><w:sz w:val="28"/><w:szCs w:val="28"/><w:u w:val="single"/><w:lang w:val="en-US"/></w:rPr></w:pPr><w:r w:rsidR="00A37668" w:rsidRPr="00A37668"><w:rPr><w:sz w:val="16"/><w:szCs w:val="16"/><w:lang w:val="en-US"/></w:rPr></w:r><w:r><w:rPr><w:sz w:val="16"/><w:szCs w:val="16"/><w:lang w:val="en-US"/></w:rPr></w:r><w:r w:rsidR="00A37668" w:rsidRPr="00A37668"><w:rPr><w:sz w:val="16"/><w:szCs w:val="16"/><w:lang w:val="en-US"/></w:rPr></w:r><w:r><w:rPr><w:sz w:val="16"/><w:szCs w:val="16"/><w:lang w:val="en-US"/></w:rPr><w:t xml:space="preserve"/></w:r><w:r w:rsidR="00A37668" w:rsidRPr="00A37668"><w:rPr><w:sz w:val="16"/><w:szCs w:val="16"/><w:lang w:val="en-US"/></w:rPr></w:r><w:r w:rsidR="00A37668" w:rsidRPr="00AD41F9"><w:rPr><w:b/><w:bCs/><w:sz w:val="28"/><w:szCs w:val="28"/><w:u w:val="single"/><w:lang w:val="en-US"/></w:rPr><w:t xml:space="preserve">Math</w:t><w:t xml:space="preserve"/><w:t xml:space="preserve"/></w:r><w:r><w:rPr><w:b/><w:bCs/><w:sz w:val="28"/><w:szCs w:val="28"/><w:u w:val="single"/><w:lang w:val="en-US"/></w:rPr></w:r><w:r w:rsidR="00A37668" w:rsidRPr="00AD41F9"><w:rPr><w:b/><w:bCs/><w:sz w:val="28"/><w:szCs w:val="28"/><w:u w:val="single"/><w:lang w:val="en-US"/></w:rPr></w:r><w:r><w:rPr><w:b/><w:bCs/><w:sz w:val="28"/><w:szCs w:val="28"/><w:u w:val="single"/><w:lang w:val="en-US"/></w:rPr><w:t xml:space="preserve"/></w:r><w:r w:rsidR="00A37668" w:rsidRPr="00AD41F9"><w:rPr><w:b/><w:bCs/><w:sz w:val="28"/><w:szCs w:val="28"/><w:u w:val="single"/><w:lang w:val="en-US"/></w:rPr></w:r></w:p><w:p w14:paraId="3D781672" w14:textId="1DC5A1F8" w:rsidR="00A37668" w:rsidRDefault="00A37668"><w:pPr><w:rPr><w:sz w:val="24"/><w:szCs w:val="24"/><w:lang w:val="en-US"/></w:rPr></w:pPr><w:r><w:rPr><w:sz w:val="24"/><w:szCs w:val="24"/><w:lang w:val="en-US"/></w:rPr><w:t xml:space="preserve">Grade: </w:t><w:t xml:space="preserve">100</w:t><w:t xml:space="preserve"/><w:t xml:space="preserve"/></w:r><w:r w:rsidR="00E84382"><w:rPr><w:sz w:val="24"/><w:szCs w:val="24"/><w:lang w:val="en-US"/></w:rPr></w:r><w:r><w:rPr><w:sz w:val="24"/><w:szCs w:val="24"/><w:lang w:val="en-US"/></w:rPr><w:t xml:space="preserve"/></w:r><w:r w:rsidR="00E84382"><w:rPr><w:sz w:val="24"/><w:szCs w:val="24"/><w:lang w:val="en-US"/></w:rPr></w:r></w:p><w:p w14:paraId="50A47A2C" w14:textId="4ADCBBC9" w:rsidR="00A37668" w:rsidRDefault="00A37668"><w:pPr><w:rPr><w:sz w:val="24"/><w:szCs w:val="24"/><w:lang w:val="en-US"/></w:rPr></w:pPr><w:r><w:rPr><w:sz w:val="24"/><w:szCs w:val="24"/><w:lang w:val="en-US"/></w:rPr><w:t xml:space="preserve">Comments: </w:t><w:t xml:space="preserve">Very good!</w:t><w:t xml:space="preserve"/><w:t xml:space="preserve"/></w:r><w:r w:rsidR="00E84382"><w:rPr><w:sz w:val="24"/><w:szCs w:val="24"/><w:lang w:val="en-US"/></w:rPr></w:r><w:r><w:rPr><w:sz w:val="24"/><w:szCs w:val="24"/><w:lang w:val="en-US"/></w:rPr></w:r><w:r w:rsidRPr="00A37668"><w:rPr><w:sz w:val="24"/><w:szCs w:val="24"/><w:lang w:val="en-US"/></w:rPr></w:r><w:r><w:rPr><w:sz w:val="24"/><w:szCs w:val="24"/><w:lang w:val="en-US"/></w:rPr><w:t xml:space="preserve"/></w:r><w:r w:rsidR="00E84382"><w:rPr><w:sz w:val="24"/><w:szCs w:val="24"/><w:lang w:val="en-US"/></w:rPr></w:r></w:p><w:p w14:paraId="428F19B9" w14:textId="57FDF3B9" w:rsidR="00A37668" w:rsidRDefault="00753F84"><w:r><w:pict w14:anchorId="06DAB649"><v:shapetype id="_x0000_t75" coordsize="21600,21600" o:spt="75" o:preferrelative="t" path="m@4@5l@4@11@9@11@9@5xe" filled="f" stroked="f"><v:stroke joinstyle="miter"/><v:formulas><v:f eqn="if lineDrawn pixelLineWidth 0"/><v:f eqn="sum @0 1 0"/><v:f eqn="sum 0 0 @1"/><v:f eqn="prod @2 1 2"/><v:f eqn="prod @3 21600 pixelWidth"/><v:f eqn="prod @3 21600 pixelHeight"/><v:f eqn="sum @0 0 1"/><v:f eqn="prod @6 1 2"/><v:f eqn="prod @7 21600 pixelWidth"/><v:f eqn="sum @8 21600 0"/><v:f eqn="prod @7 21600 pixelHeight"/><v:f eqn="sum @10 21600 0"/></v:formulas><v:path o:extrusionok="f" gradientshapeok="t" o:connecttype="rect"/><o:lock v:ext="edit" aspectratio="t"/></v:shapetype><v:shape id="_x0000_i1025" type="#_x0000_t75" style="width:536.25pt;height:16pt" o:hrpct="0" o:hralign="center" o:hr="t"><v:imagedata r:id="rId6" o:title="divider"/></v:shape></w:pict></w:r></w:p><w:p w14:paraId="447BE7E8" w14:textId="50C62505" w:rsidR="00953F12" w:rsidRPr="00953F12" w:rsidRDefault="00E84382"><w:pPr><w:rPr><w:sz w:val="16"/><w:szCs w:val="16"/><w:lang w:val="en-US"/></w:rPr></w:pPr><w:r w:rsidR="00A37668" w:rsidRPr="00A37668"><w:rPr><w:sz w:val="16"/><w:szCs w:val="16"/><w:lang w:val="en-US"/></w:rPr></w:r><w:r><w:rPr><w:sz w:val="16"/><w:szCs w:val="16"/><w:lang w:val="en-US"/></w:rPr></w:r><w:r w:rsidR="00A37668" w:rsidRPr="00A37668"><w:rPr><w:sz w:val="16"/><w:szCs w:val="16"/><w:lang w:val="en-US"/></w:rPr></w:r><w:r><w:rPr><w:sz w:val="16"/><w:szCs w:val="16"/><w:lang w:val="en-US"/></w:rPr><w:t xml:space="preserve"/></w:r><w:r w:rsidR="00A37668" w:rsidRPr="00A37668"><w:rPr><w:sz w:val="16"/><w:szCs w:val="16"/><w:lang w:val="en-US"/></w:rPr></w:r><w:r w:rsidR="00A37668" w:rsidRPr="00AD41F9"><w:rPr><w:b/><w:bCs/><w:sz w:val="28"/><w:szCs w:val="28"/><w:u w:val="single"/><w:lang w:val="en-US"/></w:rPr><w:t xml:space="preserve">English</w:t><w:t xml:space="preserve"/><w:t xml:space="preserve"/></w:r><w:r><w:rPr><w:b/><w:bCs/><w:sz w:val="28"/><w:szCs w:val="28"/><w:u w:val="single"/><w:lang w:val="en-US"/></w:rPr></w:r><w:r w:rsidR="00A37668" w:rsidRPr="00AD41F9"><w:rPr><w:b/><w:bCs/><w:sz w:val="28"/><w:szCs w:val="28"/><w:u w:val="single"/><w:lang w:val="en-US"/></w:rPr></w:r><w:r><w:rPr><w:b/><w:bCs/><w:sz w:val="28"/><w:szCs w:val="28"/><w:u w:val="single"/><w:lang w:val="en-US"/></w:rPr><w:t xml:space="preserve"/></w:r><w:r w:rsidR="00A37668" w:rsidRPr="00AD41F9"><w:rPr><w:b/><w:bCs/><w:sz w:val="28"/><w:szCs w:val="28"/><w:u w:val="single"/><w:lang w:val="en-US"/></w:rPr></w:r></w:p><w:p w14:paraId="3D781672" w14:textId="1DC5A1F8" w:rsidR="00A37668" w:rsidRDefault="00A37668"><w:pPr><w:rPr><w:sz w:val="24"/><w:szCs w:val="24"/><w:lang w:val="en-US"/></w:rPr></w:pPr><w:r><w:rPr><w:sz w:val="24"/><w:szCs w:val="24"/><w:lang w:val="en-US"/></w:rPr><w:t xml:space="preserve">Grade: </w:t><w:t xml:space="preserve">95</w:t><w:t xml:space="preserve"/><w:t xml:space="preserve"/></w:r><w:r w:rsidR="00E84382"><w:rPr><w:sz w:val="24"/><w:szCs w:val="24"/><w:lang w:val="en-US"/></w:rPr></w:r><w:r><w:rPr><w:sz w:val="24"/><w:szCs w:val="24"/><w:lang w:val="en-US"/></w:rPr><w:t xml:space="preserve"/></w:r><w:r w:rsidR="00E84382"><w:rPr><w:sz w:val="24"/><w:szCs w:val="24"/><w:lang w:val="en-US"/></w:rPr></w:r></w:p><w:p w14:paraId="50A47A2C" w14:textId="4ADCBBC9" w:rsidR="00A37668" w:rsidRDefault="00A37668"><w:pPr><w:rPr><w:sz w:val="24"/><w:szCs w:val="24"/><w:lang w:val="en-US"/></w:rPr></w:pPr><w:r><w:rPr><w:sz w:val="24"/><w:szCs w:val="24"/><w:lang w:val="en-US"/></w:rPr><w:t xml:space="preserve">Comments: </w:t><w:t xml:space="preserve">Great!</w:t><w:t xml:space="preserve"/><w:t xml:space="preserve"/></w:r><w:r w:rsidR="00E84382"><w:rPr><w:sz w:val="24"/><w:szCs w:val="24"/><w:lang w:val="en-US"/></w:rPr></w:r><w:r><w:rPr><w:sz w:val="24"/><w:szCs w:val="24"/><w:lang w:val="en-US"/></w:rPr></w:r><w:r w:rsidRPr="00A37668"><w:rPr><w:sz w:val="24"/><w:szCs w:val="24"/><w:lang w:val="en-US"/></w:rPr></w:r><w:r><w:rPr><w:sz w:val="24"/><w:szCs w:val="24"/><w:lang w:val="en-US"/></w:rPr><w:t xml:space="preserve"/></w:r><w:r w:rsidR="00E84382"><w:rPr><w:sz w:val="24"/><w:szCs w:val="24"/><w:lang w:val="en-US"/></w:rPr></w:r></w:p><w:p w14:paraId="428F19B9" w14:textId="57FDF3B9" w:rsidR="00A37668" w:rsidRDefault="00753F84"><w:r><w:pict w14:anchorId="06DAB649"><v:shapetype id="_x0000_t75" coordsize="21600,21600" o:spt="75" o:preferrelative="t" path="m@4@5l@4@11@9@11@9@5xe" filled="f" stroked="f"><v:stroke joinstyle="miter"/><v:formulas><v:f eqn="if lineDrawn pixelLineWidth 0"/><v:f eqn="sum @0 1 0"/><v:f eqn="sum 0 0 @1"/><v:f eqn="prod @2 1 2"/><v:f eqn="prod @3 21600 pixelWidth"/><v:f eqn="prod @3 21600 pixelHeight"/><v:f eqn="sum @0 0 1"/><v:f eqn="prod @6 1 2"/><v:f eqn="prod @7 21600 pixelWidth"/><v:f eqn="sum @8 21600 0"/><v:f eqn="prod @7 21600 pixelHeight"/><v:f eqn="sum @10 21600 0"/></v:formulas><v:path o:extrusionok="f" gradientshapeok="t" o:connecttype="rect"/><o:lock v:ext="edit" aspectratio="t"/></v:shapetype><v:shape id="_x0000_i1025" type="#_x0000_t75" style="width:536.25pt;height:16pt" o:hrpct="0" o:hralign="center" o:hr="t"><v:imagedata r:id="rId6" o:title="divider"/></v:shape></w:pict></w:r></w:p><w:p w14:paraId="447BE7E8" w14:textId="50C62505" w:rsidR="00953F12" w:rsidRPr="00953F12" w:rsidRDefault="00E84382"><w:pPr><w:rPr><w:sz w:val="16"/><w:szCs w:val="16"/><w:lang w:val="en-US"/></w:rPr></w:pPr><w:r w:rsidR="00953F12" w:rsidRPr="00953F12"><w:rPr><w:sz w:val="16"/><w:szCs w:val="16"/><w:lang w:val="en-US"/></w:rPr></w:r><w:r><w:rPr><w:sz w:val="16"/><w:szCs w:val="16"/><w:lang w:val="en-US"/></w:rPr></w:r><w:r w:rsidR="00953F12" w:rsidRPr="00953F12"><w:rPr><w:sz w:val="16"/><w:szCs w:val="16"/><w:lang w:val="en-US"/></w:rPr><w:t xml:space="preserve"/></w:r><w:r><w:rPr><w:sz w:val="16"/><w:szCs w:val="16"/><w:lang w:val="en-US"/></w:rPr></w:r></w:p><w:p w14:paraId="59657EC7" w14:textId="477F14DD" w:rsidR="00953F12" w:rsidRPr="00953F12" w:rsidRDefault="00E84382"><w:pPr><w:rPr><w:sz w:val="16"/><w:szCs w:val="16"/><w:lang w:val="en-US"/></w:rPr></w:pPr><w:r><w:rPr><w:sz w:val="16"/><w:szCs w:val="16"/><w:lang w:val="en-US"/></w:rPr><w:br w:type="page"/><w:t xml:space="preserve"/><w:t xml:space="preserve"/></w:r><w:r w:rsidR="00953F12" w:rsidRPr="00953F12"><w:rPr><w:sz w:val="16"/><w:szCs w:val="16"/><w:lang w:val="en-US"/></w:rPr></w:r><w:r><w:rPr><w:sz w:val="16"/><w:szCs w:val="16"/><w:lang w:val="en-US"/></w:rPr></w:r></w:p><w:p w14:paraId="2A403EA4" w14:textId="1856BAAC" w:rsidR="00953F12" w:rsidRPr="00953F12" w:rsidRDefault="00E84382"><w:pPr><w:rPr><w:sz w:val="18"/><w:szCs w:val="18"/><w:lang w:val="en-US"/></w:rPr></w:pPr><w:r w:rsidR="00A37668" w:rsidRPr="00A37668"><w:rPr><w:sz w:val="16"/><w:szCs w:val="16"/><w:lang w:val="en-US"/></w:rPr></w:r><w:r><w:rPr><w:sz w:val="16"/><w:szCs w:val="16"/><w:lang w:val="en-US"/></w:rPr><w:t xml:space="preserve"/></w:r><w:r w:rsidR="00A37668" w:rsidRPr="00A37668"><w:rPr><w:sz w:val="16"/><w:szCs w:val="16"/><w:lang w:val="en-US"/></w:rPr></w:r><w:r w:rsidR="00A37668" w:rsidRPr="00AD41F9"><w:rPr><w:b/><w:bCs/><w:sz w:val="28"/><w:szCs w:val="28"/><w:lang w:val="en-US"/></w:rPr><w:t xml:space="preserve">Student name: </w:t></w:r><w:r><w:rPr><w:b/><w:bCs/><w:sz w:val="28"/><w:szCs w:val="28"/><w:lang w:val="en-US"/></w:rPr><w:t xml:space="preserve">David Blum</w:t><w:t xml:space="preserve"/><w:t xml:space="preserve"/></w:r><w:r w:rsidR="00A37668" w:rsidRPr="00AD41F9"><w:rPr><w:b/><w:bCs/><w:sz w:val="28"/><w:szCs w:val="28"/><w:lang w:val="en-US"/></w:rPr></w:r><w:r><w:rPr><w:b/><w:bCs/><w:sz w:val="28"/><w:szCs w:val="28"/><w:lang w:val="en-US"/></w:rPr></w:r></w:p><w:p w14:paraId="7A26D884" w14:textId="3F4D36B7" w:rsidR="00A37668" w:rsidRDefault="00A37668"><w:pPr><w:rPr><w:b/><w:bCs/><w:sz w:val="24"/><w:szCs w:val="24"/><w:lang w:val="en-US"/></w:rPr></w:pPr></w:p><w:p w14:paraId="1038E094" w14:textId="1CD5F354" w:rsidR="00A37668" w:rsidRPr="00AD41F9" w:rsidRDefault="00E84382"><w:pPr><w:rPr><w:b/><w:bCs/><w:sz w:val="28"/><w:szCs w:val="28"/><w:u w:val="single"/><w:lang w:val="en-US"/></w:rPr></w:pPr><w:r w:rsidR="00A37668" w:rsidRPr="00A37668"><w:rPr><w:sz w:val="16"/><w:szCs w:val="16"/><w:lang w:val="en-US"/></w:rPr></w:r><w:r><w:rPr><w:sz w:val="16"/><w:szCs w:val="16"/><w:lang w:val="en-US"/></w:rPr></w:r><w:r w:rsidR="00A37668" w:rsidRPr="00A37668"><w:rPr><w:sz w:val="16"/><w:szCs w:val="16"/><w:lang w:val="en-US"/></w:rPr></w:r><w:r><w:rPr><w:sz w:val="16"/><w:szCs w:val="16"/><w:lang w:val="en-US"/></w:rPr><w:t xml:space="preserve"/></w:r><w:r w:rsidR="00A37668" w:rsidRPr="00A37668"><w:rPr><w:sz w:val="16"/><w:szCs w:val="16"/><w:lang w:val="en-US"/></w:rPr></w:r><w:r w:rsidR="00A37668" w:rsidRPr="00AD41F9"><w:rPr><w:b/><w:bCs/><w:sz w:val="28"/><w:szCs w:val="28"/><w:u w:val="single"/><w:lang w:val="en-US"/></w:rPr><w:t xml:space="preserve">Math</w:t><w:t xml:space="preserve"/><w:t xml:space="preserve"/></w:r><w:r><w:rPr><w:b/><w:bCs/><w:sz w:val="28"/><w:szCs w:val="28"/><w:u w:val="single"/><w:lang w:val="en-US"/></w:rPr></w:r><w:r w:rsidR="00A37668" w:rsidRPr="00AD41F9"><w:rPr><w:b/><w:bCs/><w:sz w:val="28"/><w:szCs w:val="28"/><w:u w:val="single"/><w:lang w:val="en-US"/></w:rPr></w:r><w:r><w:rPr><w:b/><w:bCs/><w:sz w:val="28"/><w:szCs w:val="28"/><w:u w:val="single"/><w:lang w:val="en-US"/></w:rPr><w:t xml:space="preserve"/></w:r><w:r w:rsidR="00A37668" w:rsidRPr="00AD41F9"><w:rPr><w:b/><w:bCs/><w:sz w:val="28"/><w:szCs w:val="28"/><w:u w:val="single"/><w:lang w:val="en-US"/></w:rPr></w:r></w:p><w:p w14:paraId="3D781672" w14:textId="1DC5A1F8" w:rsidR="00A37668" w:rsidRDefault="00A37668"><w:pPr><w:rPr><w:sz w:val="24"/><w:szCs w:val="24"/><w:lang w:val="en-US"/></w:rPr></w:pPr><w:r><w:rPr><w:sz w:val="24"/><w:szCs w:val="24"/><w:lang w:val="en-US"/></w:rPr><w:t xml:space="preserve">Grade: </w:t><w:t xml:space="preserve">99</w:t><w:t xml:space="preserve"/><w:t xml:space="preserve"/></w:r><w:r w:rsidR="00E84382"><w:rPr><w:sz w:val="24"/><w:szCs w:val="24"/><w:lang w:val="en-US"/></w:rPr></w:r><w:r><w:rPr><w:sz w:val="24"/><w:szCs w:val="24"/><w:lang w:val="en-US"/></w:rPr><w:t xml:space="preserve"/></w:r><w:r w:rsidR="00E84382"><w:rPr><w:sz w:val="24"/><w:szCs w:val="24"/><w:lang w:val="en-US"/></w:rPr></w:r></w:p><w:p w14:paraId="50A47A2C" w14:textId="4ADCBBC9" w:rsidR="00A37668" w:rsidRDefault="00A37668"><w:pPr><w:rPr><w:sz w:val="24"/><w:szCs w:val="24"/><w:lang w:val="en-US"/></w:rPr></w:pPr><w:r><w:rPr><w:sz w:val="24"/><w:szCs w:val="24"/><w:lang w:val="en-US"/></w:rPr><w:t xml:space="preserve">Comments: </w:t><w:t xml:space="preserve">Consequuntur magni sit officia.</w:t><w:t xml:space="preserve"/><w:t xml:space="preserve"/></w:r><w:r w:rsidR="00E84382"><w:rPr><w:sz w:val="24"/><w:szCs w:val="24"/><w:lang w:val="en-US"/></w:rPr></w:r><w:r><w:rPr><w:sz w:val="24"/><w:szCs w:val="24"/><w:lang w:val="en-US"/></w:rPr></w:r><w:r w:rsidRPr="00A37668"><w:rPr><w:sz w:val="24"/><w:szCs w:val="24"/><w:lang w:val="en-US"/></w:rPr></w:r><w:r><w:rPr><w:sz w:val="24"/><w:szCs w:val="24"/><w:lang w:val="en-US"/></w:rPr><w:t xml:space="preserve"/></w:r><w:r w:rsidR="00E84382"><w:rPr><w:sz w:val="24"/><w:szCs w:val="24"/><w:lang w:val="en-US"/></w:rPr></w:r></w:p><w:p w14:paraId="428F19B9" w14:textId="57FDF3B9" w:rsidR="00A37668" w:rsidRDefault="00753F84"><w:r><w:pict w14:anchorId="06DAB649"><v:shapetype id="_x0000_t75" coordsize="21600,21600" o:spt="75" o:preferrelative="t" path="m@4@5l@4@11@9@11@9@5xe" filled="f" stroked="f"><v:stroke joinstyle="miter"/><v:formulas><v:f eqn="if lineDrawn pixelLineWidth 0"/><v:f eqn="sum @0 1 0"/><v:f eqn="sum 0 0 @1"/><v:f eqn="prod @2 1 2"/><v:f eqn="prod @3 21600 pixelWidth"/><v:f eqn="prod @3 21600 pixelHeight"/><v:f eqn="sum @0 0 1"/><v:f eqn="prod @6 1 2"/><v:f eqn="prod @7 21600 pixelWidth"/><v:f eqn="sum @8 21600 0"/><v:f eqn="prod @7 21600 pixelHeight"/><v:f eqn="sum @10 21600 0"/></v:formulas><v:path o:extrusionok="f" gradientshapeok="t" o:connecttype="rect"/><o:lock v:ext="edit" aspectratio="t"/></v:shapetype><v:shape id="_x0000_i1025" type="#_x0000_t75" style="width:536.25pt;height:16pt" o:hrpct="0" o:hralign="center" o:hr="t"><v:imagedata r:id="rId6" o:title="divider"/></v:shape></w:pict></w:r></w:p><w:p w14:paraId="447BE7E8" w14:textId="50C62505" w:rsidR="00953F12" w:rsidRPr="00953F12" w:rsidRDefault="00E84382"><w:pPr><w:rPr><w:sz w:val="16"/><w:szCs w:val="16"/><w:lang w:val="en-US"/></w:rPr></w:pPr><w:r w:rsidR="00A37668" w:rsidRPr="00A37668"><w:rPr><w:sz w:val="16"/><w:szCs w:val="16"/><w:lang w:val="en-US"/></w:rPr></w:r><w:r><w:rPr><w:sz w:val="16"/><w:szCs w:val="16"/><w:lang w:val="en-US"/></w:rPr></w:r><w:r w:rsidR="00A37668" w:rsidRPr="00A37668"><w:rPr><w:sz w:val="16"/><w:szCs w:val="16"/><w:lang w:val="en-US"/></w:rPr></w:r><w:r><w:rPr><w:sz w:val="16"/><w:szCs w:val="16"/><w:lang w:val="en-US"/></w:rPr><w:t xml:space="preserve"/></w:r><w:r w:rsidR="00A37668" w:rsidRPr="00A37668"><w:rPr><w:sz w:val="16"/><w:szCs w:val="16"/><w:lang w:val="en-US"/></w:rPr></w:r><w:r w:rsidR="00A37668" w:rsidRPr="00AD41F9"><w:rPr><w:b/><w:bCs/><w:sz w:val="28"/><w:szCs w:val="28"/><w:u w:val="single"/><w:lang w:val="en-US"/></w:rPr><w:t xml:space="preserve">English</w:t><w:t xml:space="preserve"/><w:t xml:space="preserve"/></w:r><w:r><w:rPr><w:b/><w:bCs/><w:sz w:val="28"/><w:szCs w:val="28"/><w:u w:val="single"/><w:lang w:val="en-US"/></w:rPr></w:r><w:r w:rsidR="00A37668" w:rsidRPr="00AD41F9"><w:rPr><w:b/><w:bCs/><w:sz w:val="28"/><w:szCs w:val="28"/><w:u w:val="single"/><w:lang w:val="en-US"/></w:rPr></w:r><w:r><w:rPr><w:b/><w:bCs/><w:sz w:val="28"/><w:szCs w:val="28"/><w:u w:val="single"/><w:lang w:val="en-US"/></w:rPr><w:t xml:space="preserve"/></w:r><w:r w:rsidR="00A37668" w:rsidRPr="00AD41F9"><w:rPr><w:b/><w:bCs/><w:sz w:val="28"/><w:szCs w:val="28"/><w:u w:val="single"/><w:lang w:val="en-US"/></w:rPr></w:r></w:p><w:p w14:paraId="3D781672" w14:textId="1DC5A1F8" w:rsidR="00A37668" w:rsidRDefault="00A37668"><w:pPr><w:rPr><w:sz w:val="24"/><w:szCs w:val="24"/><w:lang w:val="en-US"/></w:rPr></w:pPr><w:r><w:rPr><w:sz w:val="24"/><w:szCs w:val="24"/><w:lang w:val="en-US"/></w:rPr><w:t xml:space="preserve">Grade: </w:t><w:t xml:space="preserve">98</w:t><w:t xml:space="preserve"/><w:t xml:space="preserve"/></w:r><w:r w:rsidR="00E84382"><w:rPr><w:sz w:val="24"/><w:szCs w:val="24"/><w:lang w:val="en-US"/></w:rPr></w:r><w:r><w:rPr><w:sz w:val="24"/><w:szCs w:val="24"/><w:lang w:val="en-US"/></w:rPr><w:t xml:space="preserve"/></w:r><w:r w:rsidR="00E84382"><w:rPr><w:sz w:val="24"/><w:szCs w:val="24"/><w:lang w:val="en-US"/></w:rPr></w:r></w:p><w:p w14:paraId="50A47A2C" w14:textId="4ADCBBC9" w:rsidR="00A37668" w:rsidRDefault="00A37668"><w:pPr><w:rPr><w:sz w:val="24"/><w:szCs w:val="24"/><w:lang w:val="en-US"/></w:rPr></w:pPr><w:r><w:rPr><w:sz w:val="24"/><w:szCs w:val="24"/><w:lang w:val="en-US"/></w:rPr><w:t xml:space="preserve">Comments: </w:t><w:t xml:space="preserve">Commodi alias in.</w:t><w:t xml:space="preserve"/><w:t xml:space="preserve"/></w:r><w:r w:rsidR="00E84382"><w:rPr><w:sz w:val="24"/><w:szCs w:val="24"/><w:lang w:val="en-US"/></w:rPr></w:r><w:r><w:rPr><w:sz w:val="24"/><w:szCs w:val="24"/><w:lang w:val="en-US"/></w:rPr></w:r><w:r w:rsidRPr="00A37668"><w:rPr><w:sz w:val="24"/><w:szCs w:val="24"/><w:lang w:val="en-US"/></w:rPr></w:r><w:r><w:rPr><w:sz w:val="24"/><w:szCs w:val="24"/><w:lang w:val="en-US"/></w:rPr><w:t xml:space="preserve"/></w:r><w:r w:rsidR="00E84382"><w:rPr><w:sz w:val="24"/><w:szCs w:val="24"/><w:lang w:val="en-US"/></w:rPr></w:r></w:p><w:p w14:paraId="428F19B9" w14:textId="57FDF3B9" w:rsidR="00A37668" w:rsidRDefault="00753F84"><w:r><w:pict w14:anchorId="06DAB649"><v:shapetype id="_x0000_t75" coordsize="21600,21600" o:spt="75" o:preferrelative="t" path="m@4@5l@4@11@9@11@9@5xe" filled="f" stroked="f"><v:stroke joinstyle="miter"/><v:formulas><v:f eqn="if lineDrawn pixelLineWidth 0"/><v:f eqn="sum @0 1 0"/><v:f eqn="sum 0 0 @1"/><v:f eqn="prod @2 1 2"/><v:f eqn="prod @3 21600 pixelWidth"/><v:f eqn="prod @3 21600 pixelHeight"/><v:f eqn="sum @0 0 1"/><v:f eqn="prod @6 1 2"/><v:f eqn="prod @7 21600 pixelWidth"/><v:f eqn="sum @8 21600 0"/><v:f eqn="prod @7 21600 pixelHeight"/><v:f eqn="sum @10 21600 0"/></v:formulas><v:path o:extrusionok="f" gradientshapeok="t" o:connecttype="rect"/><o:lock v:ext="edit" aspectratio="t"/></v:shapetype><v:shape id="_x0000_i1025" type="#_x0000_t75" style="width:536.25pt;height:16pt" o:hrpct="0" o:hralign="center" o:hr="t"><v:imagedata r:id="rId6" o:title="divider"/></v:shape></w:pict></w:r></w:p><w:p w14:paraId="447BE7E8" w14:textId="50C62505" w:rsidR="00953F12" w:rsidRPr="00953F12" w:rsidRDefault="00E84382"><w:pPr><w:rPr><w:sz w:val="16"/><w:szCs w:val="16"/><w:lang w:val="en-US"/></w:rPr></w:pPr><w:r w:rsidR="00953F12" w:rsidRPr="00953F12"><w:rPr><w:sz w:val="16"/><w:szCs w:val="16"/><w:lang w:val="en-US"/></w:rPr></w:r><w:r><w:rPr><w:sz w:val="16"/><w:szCs w:val="16"/><w:lang w:val="en-US"/></w:rPr></w:r><w:r w:rsidR="00953F12" w:rsidRPr="00953F12"><w:rPr><w:sz w:val="16"/><w:szCs w:val="16"/><w:lang w:val="en-US"/></w:rPr><w:t xml:space="preserve"/></w:r><w:r><w:rPr><w:sz w:val="16"/><w:szCs w:val="16"/><w:lang w:val="en-US"/></w:rPr></w:r></w:p><w:p w14:paraId="59657EC7" w14:textId="477F14DD" w:rsidR="00953F12" w:rsidRPr="00953F12" w:rsidRDefault="00E84382"><w:pPr><w:rPr><w:sz w:val="16"/><w:szCs w:val="16"/><w:lang w:val="en-US"/></w:rPr></w:pPr><w:r><w:rPr><w:sz w:val="16"/><w:szCs w:val="16"/><w:lang w:val="en-US"/></w:rPr><w:br w:type="page"/><w:t xml:space="preserve"/><w:t xml:space="preserve"/></w:r><w:r w:rsidR="00953F12" w:rsidRPr="00953F12"><w:rPr><w:sz w:val="16"/><w:szCs w:val="16"/><w:lang w:val="en-US"/></w:rPr></w:r><w:r><w:rPr><w:sz w:val="16"/><w:szCs w:val="16"/><w:lang w:val="en-US"/></w:rPr></w:r></w:p><w:p w14:paraId="2A403EA4" w14:textId="1856BAAC" w:rsidR="00953F12" w:rsidRPr="00953F12" w:rsidRDefault="00E84382"><w:pPr><w:rPr><w:sz w:val="18"/><w:szCs w:val="18"/><w:lang w:val="en-US"/></w:rPr></w:pPr><w:r w:rsidR="00953F12" w:rsidRPr="00953F12"><w:rPr><w:sz w:val="16"/><w:szCs w:val="16"/><w:lang w:val="en-US"/></w:rPr></w:r><w:r><w:rPr><w:sz w:val="16"/><w:szCs w:val="16"/><w:lang w:val="en-US"/></w:rPr></w:r><w:r w:rsidR="00953F12" w:rsidRPr="00953F12"><w:rPr><w:sz w:val="16"/><w:szCs w:val="16"/><w:lang w:val="en-US"/></w:rPr><w:t xml:space="preserve"/></w:r><w:r><w:rPr><w:sz w:val="16"/><w:szCs w:val="16"/><w:lang w:val="en-US"/></w:rPr></w:r></w:p><w:p w14:paraId="3884A347" w14:textId="77777777" w:rsidR="00A37668" w:rsidRPr="00A37668" w:rsidRDefault="00A37668"><w:pPr><w:rPr><w:sz w:val="12"/><w:szCs w:val="12"/><w:lang w:val="en-US"/></w:rPr></w:pPr></w:p><w:sectPr w:rsidR="00A37668" w:rsidRPr="00A37668"><w:headerReference w:type="default" r:id="rId7"/><w:pgSz w:w="11906" w:h="16838"/><w:pgMar w:top="1440" w:right="1440" w:bottom="1440" w:left="1440" w:header="708" w:footer="708" w:gutter="0"/><w:cols w:space="708"/><w:docGrid w:linePitch="360"/></w:sectPr></w:body></w:document>`;
