// Jest Snapshot v1, https://goo.gl/fbAQLP

exports[`loop fixtures replaces a loop whose items have several properties 1`] = `<w:document xmlns:wpc="http://schemas.microsoft.com/office/word/2010/wordprocessingCanvas" xmlns:cx="http://schemas.microsoft.com/office/drawing/2014/chartex" xmlns:cx1="http://schemas.microsoft.com/office/drawing/2015/9/8/chartex" xmlns:cx2="http://schemas.microsoft.com/office/drawing/2015/10/21/chartex" xmlns:cx3="http://schemas.microsoft.com/office/drawing/2016/5/9/chartex" xmlns:cx4="http://schemas.microsoft.com/office/drawing/2016/5/10/chartex" xmlns:cx5="http://schemas.microsoft.com/office/drawing/2016/5/11/chartex" xmlns:cx6="http://schemas.microsoft.com/office/drawing/2016/5/12/chartex" xmlns:cx7="http://schemas.microsoft.com/office/drawing/2016/5/13/chartex" xmlns:cx8="http://schemas.microsoft.com/office/drawing/2016/5/14/chartex" xmlns:mc="http://schemas.openxmlformats.org/markup-compatibility/2006" xmlns:aink="http://schemas.microsoft.com/office/drawing/2016/ink" xmlns:am3d="http://schemas.microsoft.com/office/drawing/2017/model3d" xmlns:o="urn:schemas-microsoft-com:office:office" xmlns:r="http://schemas.openxmlformats.org/officeDocument/2006/relationships" xmlns:m="http://schemas.openxmlformats.org/officeDocument/2006/math" xmlns:v="urn:schemas-microsoft-com:vml" xmlns:wp14="http://schemas.microsoft.com/office/word/2010/wordprocessingDrawing" xmlns:wp="http://schemas.openxmlformats.org/drawingml/2006/wordprocessingDrawing" xmlns:w10="urn:schemas-microsoft-com:office:word" xmlns:w="http://schemas.openxmlformats.org/wordprocessingml/2006/main" xmlns:w14="http://schemas.microsoft.com/office/word/2010/wordml" xmlns:w15="http://schemas.microsoft.com/office/word/2012/wordml" xmlns:w16cid="http://schemas.microsoft.com/office/word/2016/wordml/cid" xmlns:w16se="http://schemas.microsoft.com/office/word/2015/wordml/symex" xmlns:wpg="http://schemas.microsoft.com/office/word/2010/wordprocessingGroup" xmlns:wpi="http://schemas.microsoft.com/office/word/2010/wordprocessingInk" xmlns:wne="http://schemas.microsoft.com/office/word/2006/wordml" xmlns:wps="http://schemas.microsoft.com/office/word/2010/wordprocessingShape" mc:Ignorable="w14 w15 w16se w16cid wp14"><w:body><w:p w14:paraId="58BA11F3" w14:textId="77777777" w:rsidR="002B75EA" w:rsidRDefault="007E51D4" w:rsidP="002341EE"><w:pPr><w:bidi w:val="0"/></w:pPr></w:p><w:p w14:paraId="07BB4F25" w14:textId="76C0D6B6" w:rsidR="002B75EA" w:rsidRDefault="007E51D4" w:rsidP="002B75EA"><w:pPr><w:bidi w:val="0"/></w:pPr><w:r><w:t xml:space="preserve">first</w:t></w:r><w:r w:rsidR="00B86231"><w:t>!</w:t></w:r></w:p><w:p w14:paraId="6B15C5C9" w14:textId="5EFA0451" w:rsidR="005535E0" w:rsidRDefault="005535E0" w:rsidP="005535E0"><w:pPr><w:bidi w:val="0"/></w:pPr><w:r><w:t xml:space="preserve">second</w:t></w:r><w:r w:rsidR="00B86231"><w:t>!</w:t></w:r></w:p><w:p w14:paraId="1A69E228" w14:textId="38848F89" w:rsidR="005535E0" w:rsidRDefault="005535E0" w:rsidP="005535E0"><w:pPr><w:bidi w:val="0"/></w:pPr><w:r><w:t xml:space="preserve">third</w:t></w:r><w:r w:rsidR="00B86231"><w:t>!</w:t></w:r><w:bookmarkStart w:id="0" w:name="_GoBack"/><w:bookmarkEnd w:id="0"/></w:p><w:p w14:paraId="604CB376" w14:textId="754F8C03" w:rsidR="007E51D4" w:rsidRDefault="007E51D4" w:rsidP="002B75EA"><w:pPr><w:bidi w:val="0"/></w:pPr></w:p><w:p w14:paraId="07BB4F25" w14:textId="76C0D6B6" w:rsidR="002B75EA" w:rsidRDefault="007E51D4" w:rsidP="002B75EA"><w:pPr><w:bidi w:val="0"/></w:pPr><w:r><w:t xml:space="preserve">forth</w:t></w:r><w:r w:rsidR="00B86231"><w:t>!</w:t></w:r></w:p><w:p w14:paraId="6B15C5C9" w14:textId="5EFA0451" w:rsidR="005535E0" w:rsidRDefault="005535E0" w:rsidP="005535E0"><w:pPr><w:bidi w:val="0"/></w:pPr><w:r><w:t xml:space="preserve">fifth</w:t></w:r><w:r w:rsidR="00B86231"><w:t>!</w:t></w:r></w:p><w:p w14:paraId="1A69E228" w14:textId="38848F89" w:rsidR="005535E0" w:rsidRDefault="005535E0" w:rsidP="005535E0"><w:pPr><w:bidi w:val="0"/></w:pPr><w:r><w:t xml:space="preserve">sixth</w:t></w:r><w:r w:rsidR="00B86231"><w:t>!</w:t></w:r><w:bookmarkStart w:id="0" w:name="_GoBack"/><w:bookmarkEnd w:id="0"/></w:p><w:p w14:paraId="604CB376" w14:textId="754F8C03" w:rsidR="007E51D4" w:rsidRDefault="007E51D4" w:rsidP="002B75EA"><w:pPr><w:bidi w:val="0"/></w:pPr></w:p><w:sectPr w:rsidR="007E51D4" w:rsidSect="00C4055C"><w:pgSz w:w="11906" w:h="16838"/><w:pgMar w:top="1440" w:right="1440" w:bottom="1440" w:left="1440" w:header="708" w:footer="708" w:gutter="0"/><w:cols w:space="708"/><w:bidi/><w:rtlGutter/><w:docGrid w:linePitch="360"/></w:sectPr></w:body></w:document>`;

exports[`loop fixtures replaces a loop with open and close tag in the same paragraph correctly 1`] = `<w:document xmlns:wpc="http://schemas.microsoft.com/office/word/2010/wordprocessingCanvas" xmlns:cx="http://schemas.microsoft.com/office/drawing/2014/chartex" xmlns:cx1="http://schemas.microsoft.com/office/drawing/2015/9/8/chartex" xmlns:cx2="http://schemas.microsoft.com/office/drawing/2015/10/21/chartex" xmlns:cx3="http://schemas.microsoft.com/office/drawing/2016/5/9/chartex" xmlns:cx4="http://schemas.microsoft.com/office/drawing/2016/5/10/chartex" xmlns:cx5="http://schemas.microsoft.com/office/drawing/2016/5/11/chartex" xmlns:cx6="http://schemas.microsoft.com/office/drawing/2016/5/12/chartex" xmlns:cx7="http://schemas.microsoft.com/office/drawing/2016/5/13/chartex" xmlns:cx8="http://schemas.microsoft.com/office/drawing/2016/5/14/chartex" xmlns:mc="http://schemas.openxmlformats.org/markup-compatibility/2006" xmlns:aink="http://schemas.microsoft.com/office/drawing/2016/ink" xmlns:am3d="http://schemas.microsoft.com/office/drawing/2017/model3d" xmlns:o="urn:schemas-microsoft-com:office:office" xmlns:r="http://schemas.openxmlformats.org/officeDocument/2006/relationships" xmlns:m="http://schemas.openxmlformats.org/officeDocument/2006/math" xmlns:v="urn:schemas-microsoft-com:vml" xmlns:wp14="http://schemas.microsoft.com/office/word/2010/wordprocessingDrawing" xmlns:wp="http://schemas.openxmlformats.org/drawingml/2006/wordprocessingDrawing" xmlns:w10="urn:schemas-microsoft-com:office:word" xmlns:w="http://schemas.openxmlformats.org/wordprocessingml/2006/main" xmlns:w14="http://schemas.microsoft.com/office/word/2010/wordml" xmlns:w15="http://schemas.microsoft.com/office/word/2012/wordml" xmlns:w16cid="http://schemas.microsoft.com/office/word/2016/wordml/cid" xmlns:w16se="http://schemas.microsoft.com/office/word/2015/wordml/symex" xmlns:wpg="http://schemas.microsoft.com/office/word/2010/wordprocessingGroup" xmlns:wpi="http://schemas.microsoft.com/office/word/2010/wordprocessingInk" xmlns:wne="http://schemas.microsoft.com/office/word/2006/wordml" xmlns:wps="http://schemas.microsoft.com/office/word/2010/wordprocessingShape" mc:Ignorable="w14 w15 w16se w16cid wp14"><w:body><w:p w14:paraId="604CB376" w14:textId="2CCEE4A7" w:rsidR="007E51D4" w:rsidRDefault="007E51D4" w:rsidP="002341EE"><w:pPr><w:bidi w:val="0"/></w:pPr><w:r><w:t xml:space="preserve">first</w:t></w:r><w:r w:rsidR="000F1AF9"><w:t>!</w:t></w:r><w:r><w:t xml:space="preserve">second</w:t></w:r><w:r w:rsidR="000F1AF9"><w:t>!</w:t></w:r></w:p><w:sectPr w:rsidR="007E51D4" w:rsidSect="00C4055C"><w:pgSz w:w="11906" w:h="16838"/><w:pgMar w:top="1440" w:right="1440" w:bottom="1440" w:left="1440" w:header="708" w:footer="708" w:gutter="0"/><w:cols w:space="708"/><w:bidi/><w:rtlGutter/><w:docGrid w:linePitch="360"/></w:sectPr></w:body></w:document>`;

exports[`loop fixtures replaces list loops correctly 1`] = `<w:document xmlns:wpc="http://schemas.microsoft.com/office/word/2010/wordprocessingCanvas" xmlns:cx="http://schemas.microsoft.com/office/drawing/2014/chartex" xmlns:cx1="http://schemas.microsoft.com/office/drawing/2015/9/8/chartex" xmlns:cx2="http://schemas.microsoft.com/office/drawing/2015/10/21/chartex" xmlns:cx3="http://schemas.microsoft.com/office/drawing/2016/5/9/chartex" xmlns:cx4="http://schemas.microsoft.com/office/drawing/2016/5/10/chartex" xmlns:cx5="http://schemas.microsoft.com/office/drawing/2016/5/11/chartex" xmlns:cx6="http://schemas.microsoft.com/office/drawing/2016/5/12/chartex" xmlns:cx7="http://schemas.microsoft.com/office/drawing/2016/5/13/chartex" xmlns:cx8="http://schemas.microsoft.com/office/drawing/2016/5/14/chartex" xmlns:mc="http://schemas.openxmlformats.org/markup-compatibility/2006" xmlns:aink="http://schemas.microsoft.com/office/drawing/2016/ink" xmlns:am3d="http://schemas.microsoft.com/office/drawing/2017/model3d" xmlns:o="urn:schemas-microsoft-com:office:office" xmlns:r="http://schemas.openxmlformats.org/officeDocument/2006/relationships" xmlns:m="http://schemas.openxmlformats.org/officeDocument/2006/math" xmlns:v="urn:schemas-microsoft-com:vml" xmlns:wp14="http://schemas.microsoft.com/office/word/2010/wordprocessingDrawing" xmlns:wp="http://schemas.openxmlformats.org/drawingml/2006/wordprocessingDrawing" xmlns:w10="urn:schemas-microsoft-com:office:word" xmlns:w="http://schemas.openxmlformats.org/wordprocessingml/2006/main" xmlns:w14="http://schemas.microsoft.com/office/word/2010/wordml" xmlns:w15="http://schemas.microsoft.com/office/word/2012/wordml" xmlns:w16cid="http://schemas.microsoft.com/office/word/2016/wordml/cid" xmlns:w16se="http://schemas.microsoft.com/office/word/2015/wordml/symex" xmlns:wpg="http://schemas.microsoft.com/office/word/2010/wordprocessingGroup" xmlns:wpi="http://schemas.microsoft.com/office/word/2010/wordprocessingInk" xmlns:wne="http://schemas.microsoft.com/office/word/2006/wordml" xmlns:wps="http://schemas.microsoft.com/office/word/2010/wordprocessingShape" mc:Ignorable="w14 w15 w16se w16cid wp14"><w:body><w:p w14:paraId="73D53F2E" w14:textId="29A1AC55" w:rsidR="00983C77" w:rsidRDefault="007E51D4" w:rsidP="002B75EA"><w:pPr><w:pStyle w:val="a3"/><w:numPr><w:ilvl w:val="0"/><w:numId w:val="1"/></w:numPr><w:bidi w:val="0"/></w:pPr><w:r><w:t/></w:r><w:r w:rsidR="00983C77"><w:t>Hi</w:t></w:r><w:proofErr w:type="gramEnd"/></w:p><w:p w14:paraId="604CB376" w14:textId="586458E4" w:rsidR="007E51D4" w:rsidRDefault="00983C77" w:rsidP="002B75EA"><w:pPr><w:pStyle w:val="a3"/><w:numPr><w:ilvl w:val="1"/><w:numId w:val="1"/></w:numPr><w:bidi w:val="0"/></w:pPr><w:r><w:t/></w:r><w:r w:rsidR="007E51D4"><w:t xml:space="preserve">first</w:t></w:r><w:r w:rsidR="007E51D4"><w:t xml:space="preserve"/></w:r><w:r><w:t/></w:r></w:p><w:p w14:paraId="604CB376" w14:textId="586458E4" w:rsidR="007E51D4" w:rsidRDefault="00983C77" w:rsidP="002B75EA"><w:pPr><w:pStyle w:val="a3"/><w:numPr><w:ilvl w:val="1"/><w:numId w:val="1"/></w:numPr><w:bidi w:val="0"/></w:pPr><w:r><w:t/></w:r><w:r w:rsidR="007E51D4"><w:t xml:space="preserve">second</w:t></w:r><w:r w:rsidR="007E51D4"><w:t xml:space="preserve"/></w:r><w:r><w:t/></w:r></w:p><w:p w14:paraId="73D53F2E" w14:textId="29A1AC55" w:rsidR="00983C77" w:rsidRDefault="007E51D4" w:rsidP="002B75EA"><w:pPr><w:pStyle w:val="a3"/><w:numPr><w:ilvl w:val="0"/><w:numId w:val="1"/></w:numPr><w:bidi w:val="0"/></w:pPr><w:r><w:t/></w:r><w:r w:rsidR="00983C77"><w:t>Hi</w:t></w:r><w:proofErr w:type="gramEnd"/></w:p><w:p w14:paraId="604CB376" w14:textId="586458E4" w:rsidR="007E51D4" w:rsidRDefault="00983C77" w:rsidP="002B75EA"><w:pPr><w:pStyle w:val="a3"/><w:numPr><w:ilvl w:val="1"/><w:numId w:val="1"/></w:numPr><w:bidi w:val="0"/></w:pPr><w:r><w:t/></w:r><w:r w:rsidR="007E51D4"><w:t xml:space="preserve">third</w:t></w:r><w:r w:rsidR="007E51D4"><w:t xml:space="preserve"/></w:r><w:r><w:t/></w:r></w:p><w:p w14:paraId="604CB376" w14:textId="586458E4" w:rsidR="007E51D4" w:rsidRDefault="00983C77" w:rsidP="002B75EA"><w:pPr><w:pStyle w:val="a3"/><w:numPr><w:ilvl w:val="1"/><w:numId w:val="1"/></w:numPr><w:bidi w:val="0"/></w:pPr><w:r><w:t/></w:r><w:r w:rsidR="007E51D4"><w:t xml:space="preserve">forth</w:t></w:r><w:r w:rsidR="007E51D4"><w:t xml:space="preserve"/></w:r><w:r><w:t/></w:r></w:p><w:sectPr w:rsidR="007E51D4" w:rsidSect="00C4055C"><w:pgSz w:w="11906" w:h="16838"/><w:pgMar w:top="1440" w:right="1440" w:bottom="1440" w:left="1440" w:header="708" w:footer="708" w:gutter="0"/><w:cols w:space="708"/><w:bidi/><w:rtlGutter/><w:docGrid w:linePitch="360"/></w:sectPr></w:body></w:document>`;

exports[`loop fixtures replaces nested loops correctly 1`] = `<w:document xmlns:wpc="http://schemas.microsoft.com/office/word/2010/wordprocessingCanvas" xmlns:cx="http://schemas.microsoft.com/office/drawing/2014/chartex" xmlns:cx1="http://schemas.microsoft.com/office/drawing/2015/9/8/chartex" xmlns:cx2="http://schemas.microsoft.com/office/drawing/2015/10/21/chartex" xmlns:cx3="http://schemas.microsoft.com/office/drawing/2016/5/9/chartex" xmlns:cx4="http://schemas.microsoft.com/office/drawing/2016/5/10/chartex" xmlns:cx5="http://schemas.microsoft.com/office/drawing/2016/5/11/chartex" xmlns:cx6="http://schemas.microsoft.com/office/drawing/2016/5/12/chartex" xmlns:cx7="http://schemas.microsoft.com/office/drawing/2016/5/13/chartex" xmlns:cx8="http://schemas.microsoft.com/office/drawing/2016/5/14/chartex" xmlns:mc="http://schemas.openxmlformats.org/markup-compatibility/2006" xmlns:aink="http://schemas.microsoft.com/office/drawing/2016/ink" xmlns:am3d="http://schemas.microsoft.com/office/drawing/2017/model3d" xmlns:o="urn:schemas-microsoft-com:office:office" xmlns:r="http://schemas.openxmlformats.org/officeDocument/2006/relationships" xmlns:m="http://schemas.openxmlformats.org/officeDocument/2006/math" xmlns:v="urn:schemas-microsoft-com:vml" xmlns:wp14="http://schemas.microsoft.com/office/word/2010/wordprocessingDrawing" xmlns:wp="http://schemas.openxmlformats.org/drawingml/2006/wordprocessingDrawing" xmlns:w10="urn:schemas-microsoft-com:office:word" xmlns:w="http://schemas.openxmlformats.org/wordprocessingml/2006/main" xmlns:w14="http://schemas.microsoft.com/office/word/2010/wordml" xmlns:w15="http://schemas.microsoft.com/office/word/2012/wordml" xmlns:w16cid="http://schemas.microsoft.com/office/word/2016/wordml/cid" xmlns:w16se="http://schemas.microsoft.com/office/word/2015/wordml/symex" xmlns:wpg="http://schemas.microsoft.com/office/word/2010/wordprocessingGroup" xmlns:wpi="http://schemas.microsoft.com/office/word/2010/wordprocessingInk" xmlns:wne="http://schemas.microsoft.com/office/word/2006/wordml" xmlns:wps="http://schemas.microsoft.com/office/word/2010/wordprocessingShape" mc:Ignorable="w14 w15 w16se w16cid wp14"><w:body><w:p w14:paraId="3B067D48" w14:textId="1BDBFE79" w:rsidR="00EC3E1A" w:rsidRDefault="007E51D4" w:rsidP="007E51D4"><w:pPr><w:bidi w:val="0"/></w:pPr></w:p><w:p w14:paraId="61BE2D6A" w14:textId="4339E587" w:rsidR="00D7093C" w:rsidRDefault="00D7093C" w:rsidP="00D7093C"><w:pPr><w:bidi w:val="0"/></w:pPr><w:r><w:t>hi</w:t></w:r><w:r w:rsidR="00055E26"><w:t>!</w:t></w:r><w:bookmarkStart w:id="0" w:name="_GoBack"/><w:bookmarkEnd w:id="0"/></w:p><w:p w14:paraId="6631CC0E" w14:textId="07138EAF" w:rsidR="00D7093C" w:rsidRDefault="00D7093C" w:rsidP="00D7093C"><w:pPr><w:bidi w:val="0"/></w:pPr></w:p><w:p w14:paraId="0A7FCE4F" w14:textId="7E6B6D3A" w:rsidR="007E51D4" w:rsidRDefault="007E51D4" w:rsidP="007E51D4"><w:pPr><w:bidi w:val="0"/></w:pPr><w:r><w:t xml:space="preserve">first</w:t></w:r><w:r w:rsidR="000F1AF9"><w:t>!</w:t></w:r></w:p><w:p w14:paraId="7A4A3511" w14:textId="0490E7AF" w:rsidR="00D7093C" w:rsidRDefault="00D7093C" w:rsidP="00D7093C"><w:pPr><w:bidi w:val="0"/></w:pPr></w:p><w:p w14:paraId="0A7FCE4F" w14:textId="7E6B6D3A" w:rsidR="007E51D4" w:rsidRDefault="007E51D4" w:rsidP="007E51D4"><w:pPr><w:bidi w:val="0"/></w:pPr><w:r><w:t xml:space="preserve">second</w:t></w:r><w:r w:rsidR="000F1AF9"><w:t>!</w:t></w:r></w:p><w:p w14:paraId="7A4A3511" w14:textId="0490E7AF" w:rsidR="00D7093C" w:rsidRDefault="00D7093C" w:rsidP="00D7093C"><w:pPr><w:bidi w:val="0"/></w:pPr></w:p><w:p w14:paraId="604CB376" w14:textId="1A9B33E5" w:rsidR="007E51D4" w:rsidRDefault="007E51D4" w:rsidP="007E51D4"><w:pPr><w:bidi w:val="0"/></w:pPr></w:p><w:p w14:paraId="61BE2D6A" w14:textId="4339E587" w:rsidR="00D7093C" w:rsidRDefault="00D7093C" w:rsidP="00D7093C"><w:pPr><w:bidi w:val="0"/></w:pPr><w:r><w:t>hi</w:t></w:r><w:r w:rsidR="00055E26"><w:t>!</w:t></w:r><w:bookmarkStart w:id="0" w:name="_GoBack"/><w:bookmarkEnd w:id="0"/></w:p><w:p w14:paraId="6631CC0E" w14:textId="07138EAF" w:rsidR="00D7093C" w:rsidRDefault="00D7093C" w:rsidP="00D7093C"><w:pPr><w:bidi w:val="0"/></w:pPr></w:p><w:p w14:paraId="0A7FCE4F" w14:textId="7E6B6D3A" w:rsidR="007E51D4" w:rsidRDefault="007E51D4" w:rsidP="007E51D4"><w:pPr><w:bidi w:val="0"/></w:pPr><w:r><w:t xml:space="preserve">third</w:t></w:r><w:r w:rsidR="000F1AF9"><w:t>!</w:t></w:r></w:p><w:p w14:paraId="7A4A3511" w14:textId="0490E7AF" w:rsidR="00D7093C" w:rsidRDefault="00D7093C" w:rsidP="00D7093C"><w:pPr><w:bidi w:val="0"/></w:pPr></w:p><w:p w14:paraId="0A7FCE4F" w14:textId="7E6B6D3A" w:rsidR="007E51D4" w:rsidRDefault="007E51D4" w:rsidP="007E51D4"><w:pPr><w:bidi w:val="0"/></w:pPr><w:r><w:t xml:space="preserve">forth</w:t></w:r><w:r w:rsidR="000F1AF9"><w:t>!</w:t></w:r></w:p><w:p w14:paraId="7A4A3511" w14:textId="0490E7AF" w:rsidR="00D7093C" w:rsidRDefault="00D7093C" w:rsidP="00D7093C"><w:pPr><w:bidi w:val="0"/></w:pPr></w:p><w:p w14:paraId="604CB376" w14:textId="1A9B33E5" w:rsidR="007E51D4" w:rsidRDefault="007E51D4" w:rsidP="007E51D4"><w:pPr><w:bidi w:val="0"/></w:pPr></w:p><w:sectPr w:rsidR="007E51D4" w:rsidSect="00C4055C"><w:pgSz w:w="11906" w:h="16838"/><w:pgMar w:top="1440" w:right="1440" w:bottom="1440" w:left="1440" w:header="708" w:footer="708" w:gutter="0"/><w:cols w:space="708"/><w:bidi/><w:rtlGutter/><w:docGrid w:linePitch="360"/></w:sectPr></w:body></w:document>`;

exports[`loop fixtures replaces paragraph loops correctly 1`] = `<w:document xmlns:wpc="http://schemas.microsoft.com/office/word/2010/wordprocessingCanvas" xmlns:cx="http://schemas.microsoft.com/office/drawing/2014/chartex" xmlns:cx1="http://schemas.microsoft.com/office/drawing/2015/9/8/chartex" xmlns:cx2="http://schemas.microsoft.com/office/drawing/2015/10/21/chartex" xmlns:cx3="http://schemas.microsoft.com/office/drawing/2016/5/9/chartex" xmlns:cx4="http://schemas.microsoft.com/office/drawing/2016/5/10/chartex" xmlns:cx5="http://schemas.microsoft.com/office/drawing/2016/5/11/chartex" xmlns:cx6="http://schemas.microsoft.com/office/drawing/2016/5/12/chartex" xmlns:cx7="http://schemas.microsoft.com/office/drawing/2016/5/13/chartex" xmlns:cx8="http://schemas.microsoft.com/office/drawing/2016/5/14/chartex" xmlns:mc="http://schemas.openxmlformats.org/markup-compatibility/2006" xmlns:aink="http://schemas.microsoft.com/office/drawing/2016/ink" xmlns:am3d="http://schemas.microsoft.com/office/drawing/2017/model3d" xmlns:o="urn:schemas-microsoft-com:office:office" xmlns:r="http://schemas.openxmlformats.org/officeDocument/2006/relationships" xmlns:m="http://schemas.openxmlformats.org/officeDocument/2006/math" xmlns:v="urn:schemas-microsoft-com:vml" xmlns:wp14="http://schemas.microsoft.com/office/word/2010/wordprocessingDrawing" xmlns:wp="http://schemas.openxmlformats.org/drawingml/2006/wordprocessingDrawing" xmlns:w10="urn:schemas-microsoft-com:office:word" xmlns:w="http://schemas.openxmlformats.org/wordprocessingml/2006/main" xmlns:w14="http://schemas.microsoft.com/office/word/2010/wordml" xmlns:w15="http://schemas.microsoft.com/office/word/2012/wordml" xmlns:w16cid="http://schemas.microsoft.com/office/word/2016/wordml/cid" xmlns:w16se="http://schemas.microsoft.com/office/word/2015/wordml/symex" xmlns:wpg="http://schemas.microsoft.com/office/word/2010/wordprocessingGroup" xmlns:wpi="http://schemas.microsoft.com/office/word/2010/wordprocessingInk" xmlns:wne="http://schemas.microsoft.com/office/word/2006/wordml" xmlns:wps="http://schemas.microsoft.com/office/word/2010/wordprocessingShape" mc:Ignorable="w14 w15 w16se w16cid wp14"><w:body><w:p w14:paraId="58BA11F3" w14:textId="77777777" w:rsidR="002B75EA" w:rsidRDefault="007E51D4" w:rsidP="002341EE"><w:pPr><w:bidi w:val="0"/></w:pPr></w:p><w:p w14:paraId="07BB4F25" w14:textId="77777777" w:rsidR="002B75EA" w:rsidRDefault="007E51D4" w:rsidP="002B75EA"><w:pPr><w:bidi w:val="0"/></w:pPr><w:r><w:t xml:space="preserve">first</w:t></w:r><w:r w:rsidR="000F1AF9"><w:t>!</w:t></w:r></w:p><w:p w14:paraId="604CB376" w14:textId="754F8C03" w:rsidR="007E51D4" w:rsidRDefault="007E51D4" w:rsidP="002B75EA"><w:pPr><w:bidi w:val="0"/></w:pPr><w:bookmarkStart w:id="0" w:name="_GoBack"/><w:bookmarkEnd w:id="0"/></w:p><w:p w14:paraId="07BB4F25" w14:textId="77777777" w:rsidR="002B75EA" w:rsidRDefault="007E51D4" w:rsidP="002B75EA"><w:pPr><w:bidi w:val="0"/></w:pPr><w:r><w:t xml:space="preserve">second</w:t></w:r><w:r w:rsidR="000F1AF9"><w:t>!</w:t></w:r></w:p><w:p w14:paraId="604CB376" w14:textId="754F8C03" w:rsidR="007E51D4" w:rsidRDefault="007E51D4" w:rsidP="002B75EA"><w:pPr><w:bidi w:val="0"/></w:pPr><w:bookmarkStart w:id="0" w:name="_GoBack"/><w:bookmarkEnd w:id="0"/></w:p><w:sectPr w:rsidR="007E51D4" w:rsidSect="00C4055C"><w:pgSz w:w="11906" w:h="16838"/><w:pgMar w:top="1440" w:right="1440" w:bottom="1440" w:left="1440" w:header="708" w:footer="708" w:gutter="0"/><w:cols w:space="708"/><w:bidi/><w:rtlGutter/><w:docGrid w:linePitch="360"/></w:sectPr></w:body></w:document>`;

exports[`loop fixtures replaces paragraph loops with indexed value 1`] = `<w:document xmlns:wpc="http://schemas.microsoft.com/office/word/2010/wordprocessingCanvas" xmlns:mc="http://schemas.openxmlformats.org/markup-compatibility/2006" xmlns:o="urn:schemas-microsoft-com:office:office" xmlns:r="http://schemas.openxmlformats.org/officeDocument/2006/relationships" xmlns:m="http://schemas.openxmlformats.org/officeDocument/2006/math" xmlns:v="urn:schemas-microsoft-com:vml" xmlns:wp14="http://schemas.microsoft.com/office/word/2010/wordprocessingDrawing" xmlns:wp="http://schemas.openxmlformats.org/drawingml/2006/wordprocessingDrawing" xmlns:w="http://schemas.openxmlformats.org/wordprocessingml/2006/main" xmlns:w14="http://schemas.microsoft.com/office/word/2010/wordml" xmlns:w10="urn:schemas-microsoft-com:office:word" xmlns:w15="http://schemas.microsoft.com/office/word/2012/wordml" xmlns:wpg="http://schemas.microsoft.com/office/word/2010/wordprocessingGroup" xmlns:wpi="http://schemas.microsoft.com/office/word/2010/wordprocessingInk" xmlns:wne="http://schemas.microsoft.com/office/word/2006/wordml" xmlns:wps="http://schemas.microsoft.com/office/word/2010/wordprocessingShape" xmlns:wpsCustomData="http://www.wps.cn/officeDocument/2013/wpsCustomData" mc:Ignorable="w14 w15 wp14"><w:body><w:p><w:pPr><w:bidi w:val="0"/></w:pPr></w:p><w:p><w:pPr><w:bidi w:val="0"/></w:pPr><w:r><w:t xml:space="preserve">first</w:t></w:r><w:r><w:t xml:space="preserve">!</w:t></w:r></w:p><w:p><w:pPr><w:bidi w:val="0"/></w:pPr></w:p><w:p><w:pPr><w:bidi w:val="0"/></w:pPr><w:r><w:t xml:space="preserve">second</w:t></w:r><w:r><w:t xml:space="preserve">!</w:t></w:r></w:p><w:p><w:pPr><w:bidi w:val="0"/></w:pPr></w:p><w:p><w:pPr><w:bidi w:val="0"/></w:pPr></w:p><w:sectPr><w:pgSz w:w="11906" w:h="16838"/><w:pgMar w:top="1440" w:right="1440" w:bottom="1440" w:left="1440" w:header="708" w:footer="708" w:gutter="0"/><w:cols w:space="708" w:num="1"/><w:bidi/><w:rtlGutter w:val="1"/><w:docGrid w:linePitch="360" w:charSpace="0"/></w:sectPr></w:body></w:document>`;

exports[`loop fixtures replaces table row loops correctly 1`] = `<w:document xmlns:wpc="http://schemas.microsoft.com/office/word/2010/wordprocessingCanvas" xmlns:cx="http://schemas.microsoft.com/office/drawing/2014/chartex" xmlns:cx1="http://schemas.microsoft.com/office/drawing/2015/9/8/chartex" xmlns:cx2="http://schemas.microsoft.com/office/drawing/2015/10/21/chartex" xmlns:cx3="http://schemas.microsoft.com/office/drawing/2016/5/9/chartex" xmlns:cx4="http://schemas.microsoft.com/office/drawing/2016/5/10/chartex" xmlns:cx5="http://schemas.microsoft.com/office/drawing/2016/5/11/chartex" xmlns:cx6="http://schemas.microsoft.com/office/drawing/2016/5/12/chartex" xmlns:cx7="http://schemas.microsoft.com/office/drawing/2016/5/13/chartex" xmlns:cx8="http://schemas.microsoft.com/office/drawing/2016/5/14/chartex" xmlns:mc="http://schemas.openxmlformats.org/markup-compatibility/2006" xmlns:aink="http://schemas.microsoft.com/office/drawing/2016/ink" xmlns:am3d="http://schemas.microsoft.com/office/drawing/2017/model3d" xmlns:o="urn:schemas-microsoft-com:office:office" xmlns:r="http://schemas.openxmlformats.org/officeDocument/2006/relationships" xmlns:m="http://schemas.openxmlformats.org/officeDocument/2006/math" xmlns:v="urn:schemas-microsoft-com:vml" xmlns:wp14="http://schemas.microsoft.com/office/word/2010/wordprocessingDrawing" xmlns:wp="http://schemas.openxmlformats.org/drawingml/2006/wordprocessingDrawing" xmlns:w10="urn:schemas-microsoft-com:office:word" xmlns:w="http://schemas.openxmlformats.org/wordprocessingml/2006/main" xmlns:w14="http://schemas.microsoft.com/office/word/2010/wordml" xmlns:w15="http://schemas.microsoft.com/office/word/2012/wordml" xmlns:w16cid="http://schemas.microsoft.com/office/word/2016/wordml/cid" xmlns:w16se="http://schemas.microsoft.com/office/word/2015/wordml/symex" xmlns:wpg="http://schemas.microsoft.com/office/word/2010/wordprocessingGroup" xmlns:wpi="http://schemas.microsoft.com/office/word/2010/wordprocessingInk" xmlns:wne="http://schemas.microsoft.com/office/word/2006/wordml" xmlns:wps="http://schemas.microsoft.com/office/word/2010/wordprocessingShape" mc:Ignorable="w14 w15 w16se w16cid wp14"><w:body><w:tbl><w:tblPr><w:tblStyle w:val="a3"/><w:tblW w:w="0" w:type="auto"/><w:tblLook w:val="04A0" w:firstRow="1" w:lastRow="0" w:firstColumn="1" w:lastColumn="0" w:noHBand="0" w:noVBand="1"/></w:tblPr><w:tblGrid><w:gridCol w:w="3005"/><w:gridCol w:w="3005"/><w:gridCol w:w="3006"/></w:tblGrid><w:tr w:rsidR="00DB14CD" w14:paraId="76AD5F4A" w14:textId="77777777" w:rsidTr="00DB14CD"><w:tc><w:tcPr><w:tcW w:w="3005" w:type="dxa"/></w:tcPr><w:p w14:paraId="79B24F5D" w14:textId="40ECA92C" w:rsidR="00DB14CD" w:rsidRDefault="00DB14CD" w:rsidP="00AE2B7A"><w:pPr><w:bidi w:val="0"/></w:pPr><w:r><w:t/></w:r><w:r w:rsidR="00AE2B7A"><w:t>Repeat</w:t></w:r><w:proofErr w:type="gramEnd"/><w:r w:rsidR="00AE2B7A"><w:t xml:space="preserve"> this text</w:t></w:r></w:p></w:tc><w:tc><w:tcPr><w:tcW w:w="3005" w:type="dxa"/></w:tcPr><w:p w14:paraId="489B9A25" w14:textId="675028F5" w:rsidR="00DB14CD" w:rsidRDefault="005A13E8" w:rsidP="00DB14CD"><w:pPr><w:bidi w:val="0"/></w:pPr><w:r><w:t xml:space="preserve"> </w:t></w:r><w:r w:rsidR="00DB14CD"><w:t xml:space="preserve">first</w:t></w:r><w:r><w:t xml:space="preserve"> </w:t></w:r></w:p></w:tc><w:tc><w:tcPr><w:tcW w:w="3006" w:type="dxa"/></w:tcPr><w:p w14:paraId="147564EC" w14:textId="5B2B84FE" w:rsidR="00DB14CD" w:rsidRDefault="00AE2B7A" w:rsidP="00DB14CD"><w:pPr><w:bidi w:val="0"/></w:pPr><w:r><w:t>And this also…</w:t></w:r><w:r w:rsidR="00DB14CD"><w:t/></w:r><w:bookmarkStart w:id="0" w:name="_GoBack"/><w:bookmarkEnd w:id="0"/></w:p></w:tc></w:tr><w:tr w:rsidR="00DB14CD" w14:paraId="76AD5F4A" w14:textId="77777777" w:rsidTr="00DB14CD"><w:tc><w:tcPr><w:tcW w:w="3005" w:type="dxa"/></w:tcPr><w:p w14:paraId="79B24F5D" w14:textId="40ECA92C" w:rsidR="00DB14CD" w:rsidRDefault="00DB14CD" w:rsidP="00AE2B7A"><w:pPr><w:bidi w:val="0"/></w:pPr><w:r><w:t/></w:r><w:r w:rsidR="00AE2B7A"><w:t>Repeat</w:t></w:r><w:proofErr w:type="gramEnd"/><w:r w:rsidR="00AE2B7A"><w:t xml:space="preserve"> this text</w:t></w:r></w:p></w:tc><w:tc><w:tcPr><w:tcW w:w="3005" w:type="dxa"/></w:tcPr><w:p w14:paraId="489B9A25" w14:textId="675028F5" w:rsidR="00DB14CD" w:rsidRDefault="005A13E8" w:rsidP="00DB14CD"><w:pPr><w:bidi w:val="0"/></w:pPr><w:r><w:t xml:space="preserve"> </w:t></w:r><w:r w:rsidR="00DB14CD"><w:t xml:space="preserve">second</w:t></w:r><w:r><w:t xml:space="preserve"> </w:t></w:r></w:p></w:tc><w:tc><w:tcPr><w:tcW w:w="3006" w:type="dxa"/></w:tcPr><w:p w14:paraId="147564EC" w14:textId="5B2B84FE" w:rsidR="00DB14CD" w:rsidRDefault="00AE2B7A" w:rsidP="00DB14CD"><w:pPr><w:bidi w:val="0"/></w:pPr><w:r><w:t>And this also…</w:t></w:r><w:r w:rsidR="00DB14CD"><w:t/></w:r><w:bookmarkStart w:id="0" w:name="_GoBack"/><w:bookmarkEnd w:id="0"/></w:p></w:tc></w:tr></w:tbl><w:p w14:paraId="604CB376" w14:textId="4DAFB3F8" w:rsidR="007E51D4" w:rsidRPr="00DB14CD" w:rsidRDefault="007E51D4" w:rsidP="00DB14CD"><w:pPr><w:bidi w:val="0"/></w:pPr></w:p><w:sectPr w:rsidR="007E51D4" w:rsidRPr="00DB14CD" w:rsidSect="00C4055C"><w:pgSz w:w="11906" w:h="16838"/><w:pgMar w:top="1440" w:right="1440" w:bottom="1440" w:left="1440" w:header="708" w:footer="708" w:gutter="0"/><w:cols w:space="708"/><w:bidi/><w:rtlGutter/><w:docGrid w:linePitch="360"/></w:sectPr></w:body></w:document>`;

exports[`loop fixtures replaces table row loops with indexed value 1`] = `<w:document xmlns:wpc="http://schemas.microsoft.com/office/word/2010/wordprocessingCanvas" xmlns:mc="http://schemas.openxmlformats.org/markup-compatibility/2006" xmlns:o="urn:schemas-microsoft-com:office:office" xmlns:r="http://schemas.openxmlformats.org/officeDocument/2006/relationships" xmlns:m="http://schemas.openxmlformats.org/officeDocument/2006/math" xmlns:v="urn:schemas-microsoft-com:vml" xmlns:wp14="http://schemas.microsoft.com/office/word/2010/wordprocessingDrawing" xmlns:wp="http://schemas.openxmlformats.org/drawingml/2006/wordprocessingDrawing" xmlns:w="http://schemas.openxmlformats.org/wordprocessingml/2006/main" xmlns:w14="http://schemas.microsoft.com/office/word/2010/wordml" xmlns:w10="urn:schemas-microsoft-com:office:word" xmlns:w15="http://schemas.microsoft.com/office/word/2012/wordml" xmlns:wpg="http://schemas.microsoft.com/office/word/2010/wordprocessingGroup" xmlns:wpi="http://schemas.microsoft.com/office/word/2010/wordprocessingInk" xmlns:wne="http://schemas.microsoft.com/office/word/2006/wordml" xmlns:wps="http://schemas.microsoft.com/office/word/2010/wordprocessingShape" xmlns:wpsCustomData="http://www.wps.cn/officeDocument/2013/wpsCustomData" mc:Ignorable="w14 w15 wp14"><w:body><w:tbl><w:tblPr><w:tblStyle w:val="4"/><w:tblW w:w="0" w:type="auto"/><w:tblInd w:w="0" w:type="dxa"/><w:tblBorders><w:top w:val="single" w:color="auto" w:sz="4" w:space="0"/><w:left w:val="single" w:color="auto" w:sz="4" w:space="0"/><w:bottom w:val="single" w:color="auto" w:sz="4" w:space="0"/><w:right w:val="single" w:color="auto" w:sz="4" w:space="0"/><w:insideH w:val="single" w:color="auto" w:sz="4" w:space="0"/><w:insideV w:val="single" w:color="auto" w:sz="4" w:space="0"/></w:tblBorders><w:tblLayout w:type="autofit"/><w:tblCellMar><w:top w:w="0" w:type="dxa"/><w:left w:w="108" w:type="dxa"/><w:bottom w:w="0" w:type="dxa"/><w:right w:w="108" w:type="dxa"/></w:tblCellMar></w:tblPr><w:tblGrid><w:gridCol w:w="3005"/><w:gridCol w:w="3005"/><w:gridCol w:w="3006"/></w:tblGrid><w:tr><w:tblPrEx><w:tblBorders><w:top w:val="single" w:color="auto" w:sz="4" w:space="0"/><w:left w:val="single" w:color="auto" w:sz="4" w:space="0"/><w:bottom w:val="single" w:color="auto" w:sz="4" w:space="0"/><w:right w:val="single" w:color="auto" w:sz="4" w:space="0"/><w:insideH w:val="single" w:color="auto" w:sz="4" w:space="0"/><w:insideV w:val="single" w:color="auto" w:sz="4" w:space="0"/></w:tblBorders></w:tblPrEx><w:tc><w:tcPr><w:tcW w:w="3005" w:type="dxa"/></w:tcPr><w:p><w:pPr><w:bidi w:val="0"/><w:spacing w:after="0" w:line="240" w:lineRule="auto"/></w:pPr><w:r><w:t xml:space="preserve"/><w:t xml:space="preserve">Repeat this text</w:t></w:r></w:p></w:tc><w:tc><w:tcPr><w:tcW w:w="3005" w:type="dxa"/></w:tcPr><w:p><w:pPr><w:bidi w:val="0"/><w:spacing w:after="0" w:line="240" w:lineRule="auto"/></w:pPr><w:r><w:t xml:space="preserve"> </w:t><w:t xml:space="preserve">first</w:t></w:r><w:r><w:t xml:space="preserve"> </w:t></w:r></w:p></w:tc><w:tc><w:tcPr><w:tcW w:w="3006" w:type="dxa"/></w:tcPr><w:p><w:pPr><w:bidi w:val="0"/><w:spacing w:after="0" w:line="240" w:lineRule="auto"/></w:pPr><w:r><w:t xml:space="preserve">And this also…</w:t><w:t xml:space="preserve"/></w:r></w:p></w:tc></w:tr><w:tr><w:tblPrEx><w:tblBorders><w:top w:val="single" w:color="auto" w:sz="4" w:space="0"/><w:left w:val="single" w:color="auto" w:sz="4" w:space="0"/><w:bottom w:val="single" w:color="auto" w:sz="4" w:space="0"/><w:right w:val="single" w:color="auto" w:sz="4" w:space="0"/><w:insideH w:val="single" w:color="auto" w:sz="4" w:space="0"/><w:insideV w:val="single" w:color="auto" w:sz="4" w:space="0"/></w:tblBorders></w:tblPrEx><w:tc><w:tcPr><w:tcW w:w="3005" w:type="dxa"/></w:tcPr><w:p><w:pPr><w:bidi w:val="0"/><w:spacing w:after="0" w:line="240" w:lineRule="auto"/></w:pPr><w:r><w:t xml:space="preserve"/><w:t xml:space="preserve">Repeat this text</w:t></w:r></w:p></w:tc><w:tc><w:tcPr><w:tcW w:w="3005" w:type="dxa"/></w:tcPr><w:p><w:pPr><w:bidi w:val="0"/><w:spacing w:after="0" w:line="240" w:lineRule="auto"/></w:pPr><w:r><w:t xml:space="preserve"> </w:t><w:t xml:space="preserve">second</w:t></w:r><w:r><w:t xml:space="preserve"> </w:t></w:r></w:p></w:tc><w:tc><w:tcPr><w:tcW w:w="3006" w:type="dxa"/></w:tcPr><w:p><w:pPr><w:bidi w:val="0"/><w:spacing w:after="0" w:line="240" w:lineRule="auto"/></w:pPr><w:r><w:t xml:space="preserve">And this also…</w:t><w:t xml:space="preserve"/></w:r></w:p></w:tc></w:tr></w:tbl><w:p><w:pPr><w:bidi w:val="0"/></w:pPr><w:bookmarkStart w:id="0" w:name="_GoBack"/><w:bookmarkEnd w:id="0"/></w:p><w:sectPr><w:pgSz w:w="11906" w:h="16838"/><w:pgMar w:top="1440" w:right="1440" w:bottom="1440" w:left="1440" w:header="708" w:footer="708" w:gutter="0"/><w:cols w:space="708" w:num="1"/><w:bidi/><w:rtlGutter w:val="1"/><w:docGrid w:linePitch="360" w:charSpace="0"/></w:sectPr></w:body></w:document>`;

exports[`loop fixtures supports custom loop delimiters 1`] = `<w:document xmlns:wpc="http://schemas.microsoft.com/office/word/2010/wordprocessingCanvas" xmlns:cx="http://schemas.microsoft.com/office/drawing/2014/chartex" xmlns:cx1="http://schemas.microsoft.com/office/drawing/2015/9/8/chartex" xmlns:cx2="http://schemas.microsoft.com/office/drawing/2015/10/21/chartex" xmlns:cx3="http://schemas.microsoft.com/office/drawing/2016/5/9/chartex" xmlns:cx4="http://schemas.microsoft.com/office/drawing/2016/5/10/chartex" xmlns:cx5="http://schemas.microsoft.com/office/drawing/2016/5/11/chartex" xmlns:cx6="http://schemas.microsoft.com/office/drawing/2016/5/12/chartex" xmlns:cx7="http://schemas.microsoft.com/office/drawing/2016/5/13/chartex" xmlns:cx8="http://schemas.microsoft.com/office/drawing/2016/5/14/chartex" xmlns:mc="http://schemas.openxmlformats.org/markup-compatibility/2006" xmlns:aink="http://schemas.microsoft.com/office/drawing/2016/ink" xmlns:am3d="http://schemas.microsoft.com/office/drawing/2017/model3d" xmlns:o="urn:schemas-microsoft-com:office:office" xmlns:r="http://schemas.openxmlformats.org/officeDocument/2006/relationships" xmlns:m="http://schemas.openxmlformats.org/officeDocument/2006/math" xmlns:v="urn:schemas-microsoft-com:vml" xmlns:wp14="http://schemas.microsoft.com/office/word/2010/wordprocessingDrawing" xmlns:wp="http://schemas.openxmlformats.org/drawingml/2006/wordprocessingDrawing" xmlns:w10="urn:schemas-microsoft-com:office:word" xmlns:w="http://schemas.openxmlformats.org/wordprocessingml/2006/main" xmlns:w14="http://schemas.microsoft.com/office/word/2010/wordml" xmlns:w15="http://schemas.microsoft.com/office/word/2012/wordml" xmlns:w16cid="http://schemas.microsoft.com/office/word/2016/wordml/cid" xmlns:w16se="http://schemas.microsoft.com/office/word/2015/wordml/symex" xmlns:wpg="http://schemas.microsoft.com/office/word/2010/wordprocessingGroup" xmlns:wpi="http://schemas.microsoft.com/office/word/2010/wordprocessingInk" xmlns:wne="http://schemas.microsoft.com/office/word/2006/wordml" xmlns:wps="http://schemas.microsoft.com/office/word/2010/wordprocessingShape" mc:Ignorable="w14 w15 w16se w16cid wp14"><w:body><w:p w14:paraId="58BA11F3" w14:textId="4A87D78B" w:rsidR="002B75EA" w:rsidRDefault="007E51D4" w:rsidP="002341EE"><w:pPr><w:bidi w:val="0"/></w:pPr></w:p><w:p w14:paraId="07BB4F25" w14:textId="77777777" w:rsidR="002B75EA" w:rsidRDefault="007E51D4" w:rsidP="002B75EA"><w:pPr><w:bidi w:val="0"/></w:pPr><w:r><w:t xml:space="preserve">first</w:t></w:r><w:r w:rsidR="000F1AF9"><w:t>!</w:t></w:r></w:p><w:p w14:paraId="604CB376" w14:textId="393E3FEE" w:rsidR="007E51D4" w:rsidRDefault="007E51D4" w:rsidP="002B75EA"><w:pPr><w:bidi w:val="0"/></w:pPr></w:p><w:p w14:paraId="07BB4F25" w14:textId="77777777" w:rsidR="002B75EA" w:rsidRDefault="007E51D4" w:rsidP="002B75EA"><w:pPr><w:bidi w:val="0"/></w:pPr><w:r><w:t xml:space="preserve">second</w:t></w:r><w:r w:rsidR="000F1AF9"><w:t>!</w:t></w:r></w:p><w:p w14:paraId="604CB376" w14:textId="393E3FEE" w:rsidR="007E51D4" w:rsidRDefault="007E51D4" w:rsidP="002B75EA"><w:pPr><w:bidi w:val="0"/></w:pPr></w:p><w:sectPr w:rsidR="007E51D4" w:rsidSect="00C4055C"><w:pgSz w:w="11906" w:h="16838"/><w:pgMar w:top="1440" w:right="1440" w:bottom="1440" w:left="1440" w:header="708" w:footer="708" w:gutter="0"/><w:cols w:space="708"/><w:bidi/><w:rtlGutter/><w:docGrid w:linePitch="360"/></w:sectPr></w:body></w:document>`;
